:100644 100644 c19fa8a... 7e3d840... M	deltaspike/checkstyle-rules/pom.xml
:100644 100644 e326d87... c1ed961... M	deltaspike/core/api/pom.xml
:100644 100644 6c71add... 2590986... M	deltaspike/core/api/src/main/java/org/apache/deltaspike/core/api/config/ConfigResolver.java
:100644 100644 1aa651a... 8c930d4... M	deltaspike/core/api/src/main/java/org/apache/deltaspike/core/api/literal/SingletonLiteral.java
:100644 100644 e7aeb19... 98f6167... M	deltaspike/core/api/src/main/java/org/apache/deltaspike/core/api/literal/TypedLiteral.java
:100644 100644 52786cf... 6ee8920... M	deltaspike/core/api/src/main/java/org/apache/deltaspike/core/api/metadata/builder/AnnotatedCallableImpl.java
:100644 100644 d161835... 7da44e3... M	deltaspike/core/api/src/main/java/org/apache/deltaspike/core/api/metadata/builder/AnnotatedImpl.java
:100644 100644 d339250... 576c4aa... M	deltaspike/core/api/src/main/java/org/apache/deltaspike/core/api/metadata/builder/AnnotatedMemberImpl.java
:100644 100644 c9682d2... 0165aa9... M	deltaspike/core/api/src/main/java/org/apache/deltaspike/core/api/metadata/builder/AnnotatedParameterImpl.java
:100644 100644 c0cb6b2... b1a236a... M	deltaspike/core/api/src/main/java/org/apache/deltaspike/core/api/metadata/builder/AnnotatedTypeBuilder.java
:100644 100644 0b70766... 70fd78d... M	deltaspike/core/api/src/main/java/org/apache/deltaspike/core/api/metadata/builder/AnnotatedTypeImpl.java
:100644 100644 c85e03e... ad7d43b... M	deltaspike/core/api/src/main/java/org/apache/deltaspike/core/api/metadata/builder/AnnotationBuilder.java
:100644 100644 1a6b7fb... 20b865d... M	deltaspike/core/api/src/main/java/org/apache/deltaspike/core/api/metadata/builder/AnnotationStore.java
:100644 000000 cc2d3a4... 0000000... D	deltaspike/core/api/src/main/java/org/apache/deltaspike/core/api/metadata/builder/Parameter.java
:100644 100644 4996a22... 7ced0b8... M	deltaspike/core/api/src/main/java/org/apache/deltaspike/core/api/projectstage/ProjectStage.java
:100644 100644 4510d6b... 5e8b0ff... M	deltaspike/core/api/src/main/java/org/apache/deltaspike/core/api/projectstage/ProjectStageHolder.java
:100644 100644 648e01f... f53213a... M	deltaspike/core/api/src/main/java/org/apache/deltaspike/core/api/provider/BeanManagerProvider.java
:100644 000000 c4360bb... 0000000... D	deltaspike/core/api/src/main/java/org/apache/deltaspike/core/api/util/ClassUtils.java
:100644 000000 4a7fe51... 0000000... D	deltaspike/core/api/src/main/java/org/apache/deltaspike/core/api/util/HierarchyDiscovery.java
:100644 000000 1c37e52... 0000000... D	deltaspike/core/api/src/main/java/org/apache/deltaspike/core/api/util/ParameterizedTypeImpl.java
:100644 000000 6288556... 0000000... D	deltaspike/core/api/src/main/java/org/apache/deltaspike/core/api/util/Reflections.java
:100644 000000 53c0115... 0000000... D	deltaspike/core/api/src/main/java/org/apache/deltaspike/core/api/util/SetAccessiblePrivilegedAction.java
:100644 000000 7d4919c... 0000000... D	deltaspike/core/api/src/main/java/org/apache/deltaspike/core/api/util/Types.java
:100644 100644 10c6c62... 9c5841b... M	deltaspike/core/api/src/main/java/org/apache/deltaspike/core/spi/activation/ClassDeactivator.java
:100644 100644 8a02057... df68350... M	deltaspike/core/api/src/main/java/org/apache/deltaspike/core/spi/activation/Deactivatable.java
:100644 000000 c265ad4... 0000000... D	deltaspike/core/api/src/main/java/org/apache/deltaspike/core/spi/activation/util/ClassDeactivation.java
:000000 100644 0000000... f12fea3... A	deltaspike/core/api/src/main/java/org/apache/deltaspike/core/util/ClassDeactivation.java
:000000 100644 0000000... 5c7836b... A	deltaspike/core/api/src/main/java/org/apache/deltaspike/core/util/ClassUtils.java
:000000 100644 0000000... 41b2f93... A	deltaspike/core/api/src/main/java/org/apache/deltaspike/core/util/HierarchyDiscovery.java
:000000 100644 0000000... 99f7ea0... A	deltaspike/core/api/src/main/java/org/apache/deltaspike/core/util/ParameterizedTypeImpl.java
:000000 100644 0000000... 9f0cf14... A	deltaspike/core/api/src/main/java/org/apache/deltaspike/core/util/ProjectStageProducer.java
:000000 100644 0000000... 1f96d98... A	deltaspike/core/api/src/main/java/org/apache/deltaspike/core/util/Reflections.java
:000000 100644 0000000... a344f2c... A	deltaspike/core/api/src/main/java/org/apache/deltaspike/core/util/SetAccessiblePrivilegedAction.java
:000000 100644 0000000... d7a8441... A	deltaspike/core/api/src/main/java/org/apache/deltaspike/core/util/Types.java
:100644 100644 ea0f467... 2489941... M	deltaspike/core/api/src/test/java/org/apache/deltaspike/test/api/metadata/AnnotatedTypeBuilderTest.java
:100644 100644 4a21cff... 9c5ca43... M	deltaspike/core/api/src/test/java/org/apache/deltaspike/test/api/metadata/Cat.java
:000000 100644 0000000... 85fa586... A	deltaspike/core/api/src/test/java/org/apache/deltaspike/test/category/FullProfileCategory.java
:000000 100644 0000000... 1cf75ae... A	deltaspike/core/api/src/test/java/org/apache/deltaspike/test/category/SeCategory.java
:000000 100644 0000000... 4d5ab8b... A	deltaspike/core/api/src/test/java/org/apache/deltaspike/test/category/WebProfileCategory.java
:100644 100644 ed349f9... 90e63b4... M	deltaspike/core/impl/pom.xml
:100644 100644 f58cdc6... 3b78f34... M	deltaspike/core/impl/src/main/java/org/apache/deltaspike/core/impl/config/DefaultConfigSourceProvider.java
:100644 100644 a9a0f93... a1011a7... M	deltaspike/core/impl/src/main/java/org/apache/deltaspike/core/impl/config/PropertyFileConfigSource.java
:100644 100644 eb277cf... ffd2ba3... M	deltaspike/core/impl/src/main/java/org/apache/deltaspike/core/impl/exclude/ExcludeExtension.java
:100644 000000 5f57265... 0000000... D	deltaspike/core/impl/src/main/java/org/apache/deltaspike/core/impl/projectstage/ProjectStageProducer.java
:100644 100644 b72c7d9... 52430f1... M	deltaspike/core/impl/src/main/java/org/apache/deltaspike/core/impl/util/JndiUtils.java
:100644 100644 e73a3eb... a9cd3f7... M	deltaspike/core/impl/src/test/java/org/apache/deltaspike/test/core/api/exclude/ExcludeTest.java
:100644 100644 e80fd1b... 20fa0f2... M	deltaspike/core/impl/src/test/java/org/apache/deltaspike/test/core/api/exclude/ExcludeTestProjectStageDevelopment.java
:100644 100644 664cad1... 6a960dc... M	deltaspike/core/impl/src/test/java/org/apache/deltaspike/test/core/api/projectstage/ProjectStageProducerTest.java
:100644 100644 41ee855... 52b6cdb... M	deltaspike/core/impl/src/test/java/org/apache/deltaspike/test/core/impl/activation/TestClassDeactivation.java
:100644 100644 6fbe4ce... e5549b7... M	deltaspike/core/impl/src/test/java/org/apache/deltaspike/test/core/impl/activation/TestClassDeactivator.java
:000000 100644 0000000... e0cf6bb... A	deltaspike/core/impl/src/test/java/org/apache/deltaspike/test/core/impl/util/JndiUtilsTest.java
:100644 100644 de753fe... 51ff086... M	deltaspike/core/integration-test/pom.xml
:100644 100644 246c1a1... 3ff9bc7... M	deltaspike/core/integration-test/src/test/java/org/apache/deltaspike/integration/core/api/exclude/ExcludeIntegrationTest.java
:100644 100644 9ff1518... 8bccbfc... M	deltaspike/core/integration-test/src/test/java/org/apache/deltaspike/integration/core/api/projectstage/IntegrationTestProjectStageProducer.java
:100644 100644 043eaaa... 2c3c1c0... M	deltaspike/core/integration-test/src/test/resources/META-INF/apache-deltaspike.properties
:100644 100644 cbb13db... 643ca26... M	deltaspike/core/pom.xml
:100644 100644 1422cb1... a22f039... M	deltaspike/examples/jse-owb-examples/pom.xml
:100644 100644 e6bf497... 4809a1a... M	deltaspike/examples/pom.xml
:100644 100644 2cdec17... 67c98f1... M	deltaspike/parent/code/pom.xml
:100644 100644 3fc86cd... e2f3419... M	deltaspike/parent/it/pom.xml
:100644 100644 6ea0e86... 439a249... M	deltaspike/parent/pom.xml
:100644 100644 c8d1f9b... ac993f7... M	deltaspike/pom.xml
